{"level":"error","message":"Database initialization failed: Access denied for user ''@'localhost' (using password: NO)","name":"SequelizeAccessDeniedError","original":{"code":"ER_ACCESS_DENIED_ERROR","errno":1045,"sqlMessage":"Access denied for user ''@'localhost' (using password: NO)","sqlState":"28000"},"parent":{"code":"ER_ACCESS_DENIED_ERROR","errno":1045,"sqlMessage":"Access denied for user ''@'localhost' (using password: NO)","sqlState":"28000"},"stack":"SequelizeAccessDeniedError: Access denied for user ''@'localhost' (using password: NO)\n    at ConnectionManager.connect (/home/vm/Documents/backend/node_modules/sequelize/lib/dialects/mysql/connection-manager.js:94:17)\n    at process.processTicksAndRejections (node:internal/process/task_queues:95:5)\n    at async ConnectionManager._connect (/home/vm/Documents/backend/node_modules/sequelize/lib/dialects/abstract/connection-manager.js:222:24)\n    at async /home/vm/Documents/backend/node_modules/sequelize/lib/dialects/abstract/connection-manager.js:174:32\n    at async ConnectionManager.getConnection (/home/vm/Documents/backend/node_modules/sequelize/lib/dialects/abstract/connection-manager.js:197:7)\n    at async /home/vm/Documents/backend/node_modules/sequelize/lib/sequelize.js:305:26\n    at async MySQLQueryInterface.dropTable (/home/vm/Documents/backend/node_modules/sequelize/lib/dialects/abstract/query-interface.js:111:5)\n    at async User.drop (/home/vm/Documents/backend/node_modules/sequelize/lib/model.js:1007:12)\n    at async Sequelize.drop (/home/vm/Documents/backend/node_modules/sequelize/lib/sequelize.js:429:9)\n    at async Sequelize.sync (/home/vm/Documents/backend/node_modules/sequelize/lib/sequelize.js:366:7)","timestamp":"2025-01-09T05:57:28.452Z"}
{"level":"error","message":"Database initialization failed: Access denied for user ''@'localhost' (using password: NO)","name":"SequelizeAccessDeniedError","original":{"code":"ER_ACCESS_DENIED_ERROR","errno":1045,"sqlMessage":"Access denied for user ''@'localhost' (using password: NO)","sqlState":"28000"},"parent":{"code":"ER_ACCESS_DENIED_ERROR","errno":1045,"sqlMessage":"Access denied for user ''@'localhost' (using password: NO)","sqlState":"28000"},"stack":"SequelizeAccessDeniedError: Access denied for user ''@'localhost' (using password: NO)\n    at ConnectionManager.connect (/home/vm/Documents/backend/node_modules/sequelize/lib/dialects/mysql/connection-manager.js:94:17)\n    at process.processTicksAndRejections (node:internal/process/task_queues:95:5)\n    at async ConnectionManager._connect (/home/vm/Documents/backend/node_modules/sequelize/lib/dialects/abstract/connection-manager.js:222:24)\n    at async /home/vm/Documents/backend/node_modules/sequelize/lib/dialects/abstract/connection-manager.js:174:32\n    at async ConnectionManager.getConnection (/home/vm/Documents/backend/node_modules/sequelize/lib/dialects/abstract/connection-manager.js:197:7)\n    at async /home/vm/Documents/backend/node_modules/sequelize/lib/sequelize.js:305:26\n    at async MySQLQueryInterface.dropTable (/home/vm/Documents/backend/node_modules/sequelize/lib/dialects/abstract/query-interface.js:111:5)\n    at async User.drop (/home/vm/Documents/backend/node_modules/sequelize/lib/model.js:1007:12)\n    at async Sequelize.drop (/home/vm/Documents/backend/node_modules/sequelize/lib/sequelize.js:429:9)\n    at async Sequelize.sync (/home/vm/Documents/backend/node_modules/sequelize/lib/sequelize.js:366:7)","timestamp":"2025-01-09T05:59:02.373Z"}
{"level":"error","message":"Unable to connect to the database: Access denied for user 'your_mysql_username'@'localhost' (using password: YES)","name":"SequelizeAccessDeniedError","original":{"code":"ER_ACCESS_DENIED_ERROR","errno":1045,"sqlMessage":"Access denied for user 'your_mysql_username'@'localhost' (using password: YES)","sqlState":"28000"},"parent":{"code":"ER_ACCESS_DENIED_ERROR","errno":1045,"sqlMessage":"Access denied for user 'your_mysql_username'@'localhost' (using password: YES)","sqlState":"28000"},"stack":"SequelizeAccessDeniedError: Access denied for user 'your_mysql_username'@'localhost' (using password: YES)\n    at ConnectionManager.connect (/home/vm/Documents/backend/node_modules/sequelize/lib/dialects/mysql/connection-manager.js:94:17)\n    at process.processTicksAndRejections (node:internal/process/task_queues:95:5)\n    at async ConnectionManager._connect (/home/vm/Documents/backend/node_modules/sequelize/lib/dialects/abstract/connection-manager.js:222:24)\n    at async /home/vm/Documents/backend/node_modules/sequelize/lib/dialects/abstract/connection-manager.js:174:32","timestamp":"2025-01-09T06:03:53.794Z"}
{"error":{"statusCode":404},"level":"error","message":"Not Found - /auth/login","timestamp":"2025-01-09T06:18:54.569Z"}
{"error":{"statusCode":404},"level":"error","message":"Not Found - /auth/login","timestamp":"2025-01-09T06:19:00.547Z"}
{"error":{"statusCode":404},"level":"error","message":"Not Found - /api/dashboard","timestamp":"2025-01-09T06:52:36.236Z"}
{"error":{"statusCode":404},"level":"error","message":"Not Found - /api/dashboard/activity","timestamp":"2025-01-09T06:52:36.256Z"}
{"error":{"statusCode":404},"level":"error","message":"Not Found - /api/dashboard/campaigns","timestamp":"2025-01-09T06:52:36.260Z"}
{"error":{"statusCode":404},"level":"error","message":"Not Found - /api/dashboard/campaigns","timestamp":"2025-01-09T06:52:43.092Z"}
{"error":{"statusCode":404},"level":"error","message":"Not Found - /api/dashboard/campaigns","timestamp":"2025-01-09T06:52:43.109Z"}
{"error":{"statusCode":404},"level":"error","message":"Not Found - /api/dashboard/activity","timestamp":"2025-01-09T06:52:48.202Z"}
{"error":{"statusCode":404},"level":"error","message":"Not Found - /api/dashboard/activity","timestamp":"2025-01-09T06:52:48.208Z"}
{"error":{"statusCode":404},"level":"error","message":"Not Found - /api/dashboard","timestamp":"2025-01-09T06:52:52.279Z"}
{"error":{"statusCode":404},"level":"error","message":"Not Found - /api/dashboard","timestamp":"2025-01-09T06:52:52.302Z"}
{"error":{"statusCode":404},"level":"error","message":"Not Found - /api/dashboard/activity","timestamp":"2025-01-09T06:53:18.212Z"}
{"error":{"statusCode":404},"level":"error","message":"Not Found - /api/dashboard","timestamp":"2025-01-09T06:53:31.135Z"}
{"error":{"statusCode":404},"level":"error","message":"Not Found - /api/dashboard","timestamp":"2025-01-09T06:53:31.151Z"}
{"error":{"statusCode":404},"level":"error","message":"Not Found - /api/dashboard/activity","timestamp":"2025-01-09T06:53:31.172Z"}
{"error":{"statusCode":404},"level":"error","message":"Not Found - /api/dashboard/activity","timestamp":"2025-01-09T06:53:31.179Z"}
{"error":{"statusCode":404},"level":"error","message":"Not Found - /api/dashboard/campaigns","timestamp":"2025-01-09T06:53:31.264Z"}
{"error":{"statusCode":404},"level":"error","message":"Not Found - /api/dashboard/campaigns","timestamp":"2025-01-09T06:53:31.290Z"}
{"error":{"statusCode":404},"level":"error","message":"Not Found - /api/dashboard/activity","timestamp":"2025-01-09T06:54:01.162Z"}
{"error":{"statusCode":404},"level":"error","message":"Not Found - /api/dashboard","timestamp":"2025-01-09T06:54:25.692Z"}
{"error":{"statusCode":404},"level":"error","message":"Not Found - /api/dashboard","timestamp":"2025-01-09T06:54:25.704Z"}
{"error":{"statusCode":404},"level":"error","message":"Not Found - /api/dashboard/activity","timestamp":"2025-01-09T06:54:25.738Z"}
{"error":{"statusCode":404},"level":"error","message":"Not Found - /api/dashboard/campaigns","timestamp":"2025-01-09T06:54:25.744Z"}
{"error":{"statusCode":404},"level":"error","message":"Not Found - /api/dashboard/activity","timestamp":"2025-01-09T06:54:25.773Z"}
{"error":{"statusCode":404},"level":"error","message":"Not Found - /api/dashboard/campaigns","timestamp":"2025-01-09T06:54:25.785Z"}
{"error":{"statusCode":404},"level":"error","message":"Not Found - /api/dashboard/analytics","timestamp":"2025-01-09T07:06:14.441Z"}
{"error":{"statusCode":404},"level":"error","message":"Not Found - /api/dashboard/activity","timestamp":"2025-01-09T07:06:14.474Z"}
{"error":{"statusCode":404},"level":"error","message":"Not Found - /api/dashboard/campaigns","timestamp":"2025-01-09T07:06:14.507Z"}
{"error":{"statusCode":404},"level":"error","message":"Not Found - /api/dashboard/analytics","timestamp":"2025-01-09T07:06:14.566Z"}
{"error":{"statusCode":404},"level":"error","message":"Not Found - /api/dashboard/campaigns","timestamp":"2025-01-09T07:06:14.573Z"}
{"error":{"statusCode":404},"level":"error","message":"Not Found - /api/dashboard/activity","timestamp":"2025-01-09T07:06:14.583Z"}
{"level":"error","message":"Unhandled Rejection: logger is not defined","stack":"ReferenceError: logger is not defined\n    at connectDB (/home/vm/Documents/backend/src/config/database.js:30:5)\n    at process.processTicksAndRejections (node:internal/process/task_queues:95:5)","timestamp":"2025-01-09T07:33:31.463Z"}
{"error":{"statusCode":404},"level":"error","message":"Not Found - /api/dashboard/analytics","timestamp":"2025-01-09T07:34:07.131Z"}
{"error":{"statusCode":404},"level":"error","message":"Not Found - /api/dashboard/analytics","timestamp":"2025-01-09T07:34:07.143Z"}
{"error":{"statusCode":404},"level":"error","message":"Not Found - /api/dashboard/activity","timestamp":"2025-01-09T07:34:07.149Z"}
{"error":{"statusCode":404},"level":"error","message":"Not Found - /api/dashboard/campaigns","timestamp":"2025-01-09T07:34:07.152Z"}
{"error":{"statusCode":404},"level":"error","message":"Not Found - /api/dashboard/campaigns","timestamp":"2025-01-09T07:34:07.157Z"}
{"error":{"statusCode":404},"level":"error","message":"Not Found - /api/dashboard/activity","timestamp":"2025-01-09T07:34:07.164Z"}
{"error":{"statusCode":404},"level":"error","message":"Not Found - /api/dashboard/activity","timestamp":"2025-01-09T07:34:37.151Z"}
{"level":"error","message":"Database initialization failed: Cannot drop table 'Users' referenced by a foreign key constraint 'Campaigns_ibfk_1' on table 'Campaigns'.","name":"SequelizeDatabaseError","original":{"code":"ER_FK_CANNOT_DROP_PARENT","errno":3730,"sql":"DROP TABLE IF EXISTS `Users`;","sqlMessage":"Cannot drop table 'Users' referenced by a foreign key constraint 'Campaigns_ibfk_1' on table 'Campaigns'.","sqlState":"HY000"},"parameters":{},"parent":{"code":"ER_FK_CANNOT_DROP_PARENT","errno":3730,"sql":"DROP TABLE IF EXISTS `Users`;","sqlMessage":"Cannot drop table 'Users' referenced by a foreign key constraint 'Campaigns_ibfk_1' on table 'Campaigns'.","sqlState":"HY000"},"sql":"DROP TABLE IF EXISTS `Users`;","stack":"Error\n    at Query.run (/home/vm/Documents/backend/node_modules/sequelize/lib/dialects/mysql/query.js:52:25)\n    at /home/vm/Documents/backend/node_modules/sequelize/lib/sequelize.js:315:28\n    at process.processTicksAndRejections (node:internal/process/task_queues:95:5)\n    at async MySQLQueryInterface.dropTable (/home/vm/Documents/backend/node_modules/sequelize/lib/dialects/abstract/query-interface.js:111:5)\n    at async User.drop (/home/vm/Documents/backend/node_modules/sequelize/lib/model.js:1007:12)\n    at async Sequelize.drop (/home/vm/Documents/backend/node_modules/sequelize/lib/sequelize.js:429:9)\n    at async Sequelize.sync (/home/vm/Documents/backend/node_modules/sequelize/lib/sequelize.js:366:7)\n    at async initDb (/home/vm/Documents/backend/src/scripts/initDb.js:8:5)","timestamp":"2025-01-09T07:48:28.600Z"}
